// Jest Snapshot v1, https://goo.gl/fbAQLP

exports[`registerComponents should register all components 1`] = `
Array [
  "CopyBtn",
  "CustomIcon",
  "DataList",
  "DatePicker",
  "FileList",
  "FileUpload",
  "HeaderBar",
  "HeaderBarMenu",
  "LangBtn",
  "NotificationBar",
  "PaginatedTable",
  "UploadWorkflow",
]
`;
