// Jest Snapshot v1, https://goo.gl/fbAQLP

exports[`HeaderBarTool test renders with all info correctly 1`] = `
<vtoolbar-stub color="primary" height="48" tag="header" tile="true" extensionheight="48" src="" class="px-4" breadcumb="projet">
  <!---->
  <!---->
  <!---->
  <vtabs-stub value="0" dark="true" activeclass="" backgroundcolor="transparent" mobilebreakpoint="1264" nexticon="$next" previcon="$prev" showarrows="true" slidersize="2">
    <vtabsslider-stub></vtabsslider-stub>
    <vtab-stub ripple="true">
      onglet1
    </vtab-stub>
    <vtab-stub ripple="true">
      onglet2
    </vtab-stub>
  </vtabs-stub>
  <vspacer-stub></vspacer-stub>
  <vbtn-stub color="white" tag="button" activeclass="" small="true" icon="true" type="button">
    <vicon-stub>M9.5,3A6.5,6.5 0 0,1 16,9.5C16,11.11 15.41,12.59 14.44,13.73L14.71,14H15.5L20.5,19L19,20.5L14,15.5V14.71L13.73,14.44C12.59,15.41 11.11,16 9.5,16A6.5,6.5 0 0,1 3,9.5A6.5,6.5 0 0,1 9.5,3M9.5,5C7,5 5,7 5,9.5C5,12 7,14 9.5,14C12,14 14,12 14,9.5C14,7 12,5 9.5,5Z</vicon-stub>
  </vbtn-stub>
</vtoolbar-stub>
`;
