// Jest Snapshot v1, https://goo.gl/fbAQLP

exports[`HeaderBarDrawer test renders with all info correctly 1`] = `
<vnavigationdrawer-stub fixed="true" height="100%" minivariantwidth="80" mobilebreakpoint="1264" src="" tag="aside" temporary="true" width="360" value="true">
  <vlistitem-stub activeclass="" tag="div">
    <vlistitemavatar-stub size="40">
      <vicon-stub>M12,4A4,4 0 0,1 16,8A4,4 0 0,1 12,12A4,4 0 0,1 8,8A4,4 0 0,1 12,4M12,14C16.42,14 20,15.79 20,18V20H4V18C4,15.79 7.58,14 12,14Z</vicon-stub>
    </vlistitemavatar-stub>
    <vlistitemcontent-stub>
      <vlistitemtitle-stub class="Subtitle 1">
        Prénom nom
      </vlistitemtitle-stub>
      <v-list-item-subtitle-stub class="body-2">
        information supplémentaire
      </v-list-item-subtitle-stub>
    </vlistitemcontent-stub>
  </vlistitem-stub>
  <vdivider-stub></vdivider-stub>
  <headerbaractions-stub accounttext="Mon compte" actionslist="text1,text2" navigationlist=""></headerbaractions-stub>
</vnavigationdrawer-stub>
`;
